[www.vwthemes.net/vw-grocery-pro/index.html]
[backblue.gif]
[fade.gif]
[index.html]
[www.vwthemes.net/wp-includes/css/dist/block-library/style.min0899.css]
[www.vwthemes.net/wp-content/themes/vwthemesdemo/assets/css/bootstrap.min0899.css]
[www.vwthemes.net/wp-content/themes/vwthemesdemo/style0899.css]
[www.vwthemes.net/wp-includes/js/jquery/jquery.minf43b.js]
[www.vwthemes.net/wp-includes/js/jquery/jquery-migrate.min5589.js]
[www.vwthemes.net/wp-content/uploads/2021/07/favicon.png]
[www.vwthemes.net/cdn-cgi/challenge-platform/h/b/scripts/jsd/77aad7b82fab/maind41d.js]
[www.vwthemes.net/wp-content/themes/vwthemesdemo/assets/js/switcher0899.js]
[www.vwthemes.net/wp-content/themes/vwthemesdemo/assets/js/skip-link-focus-fix5152.js]
[www.vwthemes.net/wp-content/themes/vwthemesdemo/assets/js/global5152.js]
[www.vwthemes.net/vw-grocery-pro/index.html]
[www.vwthemes.net/wp-includes/css/dist/block-library/style.min0899.css]
[www.vwthemes.net/wp-content/themes/vwthemesdemo/assets/css/bootstrap.min0899.css]
[www.vwthemes.net/wp-content/themes/vwthemesdemo/assets/js/jquery.scrollTo431f.js]
[www.vwthemes.net/wp-content/themes/vwthemesdemo/assets/images/close_hover.png]
[www.vwthemes.net/wp-content/themes/vwthemesdemo/assets/images/close.png]
[www.vwthemes.net/wp-content/themes/vwthemesdemo/assets/images/up_hover.png]
[www.vwthemes.net/wp-content/themes/vwthemesdemo/assets/images/up.png]
[www.vwthemes.net/wp-content/themes/vwthemesdemo/assets/images/devices.png]
[www.vwthemes.net/wp-content/themes/vwthemesdemo/style0899.css]
[www.vwthemes.net/wp-includes/js/jquery/jquery.minf43b.js]
[www.vwthemes.net/wp-includes/js/jquery/jquery-migrate.min5589.js]
[www.vwthemes.net/wp-content/themes/vwthemesdemo/assets/js/switcher0899.js]
[www.vwthemes.net/wp-content/themes/vwthemesdemo/assets/js/skip-link-focus-fix5152.js]
[www.vwthemes.net/wp-content/themes/vwthemesdemo/assets/js/global5152.js]
[www.vwthemes.net/wp-content/themes/vwthemesdemo/assets/js/jquery.scrollTo431f.js]
